aDouble,anInteger,aSquaredInteger
2.3,1,1
4.5,2,4
