id,age
0,0
1,6
2,12
3,18
4,24
5,30
6,36
7,42
8,48
9,54
